Von github.com:BinBambus/Automations
 * branch            main       -> FETCH_HEAD
Bereits aktuell.
1. Öffne Startseite...
2. Klicke auf Login/Anmelden...
3. Auf Shibboleth IdP weitergeleitet. Gebe Zugangsdaten ein...
4. Warte auf Rückleitung ins HISinOne-Portal...
-> Erfolgreich eingeloggt!
5. Navigiere im Menü...
6. Starte Download der Leistungsübersicht...
Erfolg! PDF gespeichert als: Leistungsuebersicht.pdf
Gefundene Zeilen zur Bachelorarbeit:
Bachelor-Arbeit PNr 2601 BE 12 1,7
Bachelor-Arbeit - BA 23.07.2026 1 BE Nein 12 1,7
Treffer in Zeile: Bachelor-Arbeit PNr 2601 BE 12 1,7
Gefundene Note: 1,7
Treffer in Zeile: Bachelor-Arbeit - BA 23.07.2026 1 BE Nein 12 1,7
Gefundene Note: 1,7
Bachelorarbeits-Ergebnis eingetragen!

Details:
Bachelor-Arbeit PNr 2601 BE 12 1,7
Bachelor-Arbeit - BA 23.07.2026 1 BE Nein 12 1,7
Sende Benachrichtigung per E-Mail...
E-Mail erfolgreich gesendet!
